// Vitest Snapshot v1, https://vitest.dev/guide/snapshot.html

exports[`forecast regression > keeps the supported method and threshold matrix stable 1`] = `
{
  "bValue-m5": [],
  "clustering-m5": [
    {
      "bValue": 0.6,
      "background": 0,
      "latitude": 38.96,
      "level": "very high",
      "longitude": 35.27,
      "rank": 1,
      "raw": 1.0513,
      "recurrence": null,
      "relativeScore": 99,
      "triggered": 0.0004,
    },
    {
      "bValue": 0.6,
      "background": 0,
      "latitude": 38.96,
      "level": "very high",
      "longitude": 35.27,
      "rank": 2,
      "raw": 1.0513,
      "recurrence": null,
      "relativeScore": 99,
      "triggered": 0.0006,
    },
    {
      "bValue": 0.6,
      "background": 0.0002,
      "latitude": 37.2869,
      "level": "high",
      "longitude": 36.9631,
      "rank": 3,
      "raw": 0.9488,
      "recurrence": null,
      "relativeScore": 86.3,
      "triggered": 0.0013,
    },
    {
      "bValue": 0.6,
      "background": 0.0005,
      "latitude": 40.6315,
      "level": "notable",
      "longitude": 30.0876,
      "rank": 4,
      "raw": 0.8501,
      "recurrence": null,
      "relativeScore": 73.2,
      "triggered": 0.0008,
    },
    {
      "bValue": 0.6,
      "background": 0.0001,
      "latitude": 40.6315,
      "level": "notable",
      "longitude": 30.0876,
      "rank": 5,
      "raw": 0.8501,
      "recurrence": null,
      "relativeScore": 73.2,
      "triggered": 0.0006,
    },
    {
      "bValue": 0.6,
      "background": 0.0144,
      "latitude": 37.1858,
      "level": "notable",
      "longitude": 37.1128,
      "rank": 6,
      "raw": 0.8439,
      "recurrence": null,
      "relativeScore": 72.4,
      "triggered": 0.0127,
    },
    {
      "bValue": 0.6,
      "background": 0.0035,
      "latitude": 37.1858,
      "level": "notable",
      "longitude": 37.1128,
      "rank": 7,
      "raw": 0.8439,
      "recurrence": null,
      "relativeScore": 72.4,
      "triggered": 0.0031,
    },
    {
      "bValue": 0.6,
      "background": 0.0016,
      "latitude": 39.173,
      "level": "elevated",
      "longitude": 35.5867,
      "rank": 8,
      "raw": 0.7704,
      "recurrence": null,
      "relativeScore": 62.6,
      "triggered": 0.0012,
    },
  ],
  "combined-m5": [
    {
      "bValue": 0.6,
      "background": 0.0437,
      "latitude": 38.4412,
      "level": "very high",
      "longitude": 43.1933,
      "rank": 1,
      "raw": -0.5524,
      "recurrence": null,
      "relativeScore": 99,
      "triggered": 0.25,
    },
    {
      "bValue": 0.6,
      "background": 0.0565,
      "latitude": 38.3328,
      "level": "very high",
      "longitude": 27.2382,
      "rank": 2,
      "raw": -0.6715,
      "recurrence": null,
      "relativeScore": 97.5,
      "triggered": 0.1682,
    },
    {
      "bValue": 0.6,
      "background": 0.0372,
      "latitude": 40.7395,
      "level": "high",
      "longitude": 29.9268,
      "rank": 3,
      "raw": -0.9468,
      "recurrence": null,
      "relativeScore": 91.8,
      "triggered": 0.0798,
    },
    {
      "bValue": 0.6,
      "background": 0.0313,
      "latitude": 39.1216,
      "level": "high",
      "longitude": 35.466,
      "rank": 4,
      "raw": -0.9699,
      "recurrence": null,
      "relativeScore": 91.3,
      "triggered": 0.081,
    },
    {
      "bValue": 0.6,
      "background": 0.0657,
      "latitude": 37.1858,
      "level": "high",
      "longitude": 37.1128,
      "rank": 5,
      "raw": -0.9747,
      "recurrence": null,
      "relativeScore": 91.2,
      "triggered": 0.0453,
    },
    {
      "bValue": 0.6,
      "background": 0.0374,
      "latitude": 36.6463,
      "level": "high",
      "longitude": 30.4117,
      "rank": 6,
      "raw": -1.1265,
      "recurrence": null,
      "relativeScore": 88,
      "triggered": 0.0404,
    },
    {
      "bValue": 0.6,
      "background": 0.0013,
      "latitude": 37.2869,
      "level": "elevated",
      "longitude": 36.9631,
      "rank": 7,
      "raw": -2.4561,
      "recurrence": null,
      "relativeScore": 60.3,
      "triggered": 0.0024,
    },
    {
      "bValue": 0.6,
      "background": 0.0018,
      "latitude": 40.6315,
      "level": "elevated",
      "longitude": 30.0876,
      "rank": 8,
      "raw": -2.5251,
      "recurrence": null,
      "relativeScore": 58.9,
      "triggered": 0.0014,
    },
  ],
  "combined-m6": [
    {
      "bValue": 0.6,
      "background": 0.011,
      "latitude": 38.4412,
      "level": "very high",
      "longitude": 43.1933,
      "rank": 1,
      "raw": -0.7425,
      "recurrence": 0.857,
      "relativeScore": 99,
      "triggered": 0.0628,
    },
    {
      "bValue": 0.6,
      "background": 0.0142,
      "latitude": 38.3328,
      "level": "very high",
      "longitude": 27.2382,
      "rank": 2,
      "raw": -0.8513,
      "recurrence": 0.8904,
      "relativeScore": 98,
      "triggered": 0.0422,
    },
    {
      "bValue": 0.6,
      "background": 0.0093,
      "latitude": 40.7395,
      "level": "very high",
      "longitude": 29.9268,
      "rank": 3,
      "raw": -1.1581,
      "recurrence": 0.8626,
      "relativeScore": 92.5,
      "triggered": 0.02,
    },
    {
      "bValue": 0.6,
      "background": 0.0079,
      "latitude": 39.1216,
      "level": "very high",
      "longitude": 35.466,
      "rank": 4,
      "raw": -1.1793,
      "recurrence": 0.8511,
      "relativeScore": 92.1,
      "triggered": 0.0203,
    },
    {
      "bValue": 0.6,
      "background": 0.0165,
      "latitude": 37.1858,
      "level": "high",
      "longitude": 37.1128,
      "rank": 5,
      "raw": -1.2162,
      "recurrence": 0.8272,
      "relativeScore": 91.4,
      "triggered": 0.0114,
    },
    {
      "bValue": 0.6,
      "background": 0.0094,
      "latitude": 36.6463,
      "level": "high",
      "longitude": 30.4117,
      "rank": 6,
      "raw": -1.3338,
      "recurrence": 0.8513,
      "relativeScore": 89.3,
      "triggered": 0.0101,
    },
    {
      "bValue": 0.6,
      "background": 0.0004,
      "latitude": 40.6315,
      "level": "elevated",
      "longitude": 30.0876,
      "rank": 7,
      "raw": -2.7362,
      "recurrence": 0.8648,
      "relativeScore": 63.8,
      "triggered": 0.0004,
    },
    {
      "bValue": 0.6,
      "background": 0.0004,
      "latitude": 39.173,
      "level": "elevated",
      "longitude": 35.5867,
      "rank": 8,
      "raw": -2.8331,
      "recurrence": 0.8226,
      "relativeScore": 62.1,
      "triggered": 0.0003,
    },
  ],
  "combined-m7": [
    {
      "bValue": 0.6,
      "background": 0.0036,
      "latitude": 38.3328,
      "level": "very high",
      "longitude": 27.2382,
      "rank": 1,
      "raw": -1.9137,
      "recurrence": null,
      "relativeScore": 99,
      "triggered": 0.0106,
    },
    {
      "bValue": 0.6,
      "background": 0.0028,
      "latitude": 38.4412,
      "level": "very high",
      "longitude": 43.1933,
      "rank": 2,
      "raw": -1.9145,
      "recurrence": null,
      "relativeScore": 99,
      "triggered": 0.0158,
    },
    {
      "bValue": 0.6,
      "background": 0.0023,
      "latitude": 40.7395,
      "level": "very high",
      "longitude": 29.9268,
      "rank": 3,
      "raw": -2.1737,
      "recurrence": null,
      "relativeScore": 94.9,
      "triggered": 0.005,
    },
    {
      "bValue": 0.6,
      "background": 0.002,
      "latitude": 39.1216,
      "level": "very high",
      "longitude": 35.466,
      "rank": 4,
      "raw": -2.2066,
      "recurrence": null,
      "relativeScore": 94.2,
      "triggered": 0.0051,
    },
    {
      "bValue": 0.6,
      "background": 0.0041,
      "latitude": 37.1858,
      "level": "very high",
      "longitude": 37.1128,
      "rank": 5,
      "raw": -2.2117,
      "recurrence": null,
      "relativeScore": 94.1,
      "triggered": 0.0029,
    },
    {
      "bValue": 0.6,
      "background": 0.0024,
      "latitude": 36.6463,
      "level": "high",
      "longitude": 30.4117,
      "rank": 6,
      "raw": -2.4283,
      "recurrence": null,
      "relativeScore": 89.9,
      "triggered": 0.0025,
    },
    {
      "bValue": 0.6,
      "background": 0.0001,
      "latitude": 40.6315,
      "level": "elevated",
      "longitude": 30.0876,
      "rank": 7,
      "raw": -4.051,
      "recurrence": null,
      "relativeScore": 57.9,
      "triggered": 0.0001,
    },
    {
      "bValue": 0.6,
      "background": 0.0001,
      "latitude": 37.2869,
      "level": "elevated",
      "longitude": 36.9631,
      "rank": 8,
      "raw": -4.0772,
      "recurrence": null,
      "relativeScore": 57.3,
      "triggered": 0.0001,
    },
  ],
  "energy-m5": [
    {
      "bValue": 0.6,
      "background": 0.0126,
      "latitude": 36.6463,
      "level": "very high",
      "longitude": 30.4117,
      "rank": 1,
      "raw": 7.6729,
      "recurrence": null,
      "relativeScore": 99,
      "triggered": 0.0041,
    },
    {
      "bValue": 0.6,
      "background": 0.0016,
      "latitude": 38.3328,
      "level": "very high",
      "longitude": 27.2382,
      "rank": 2,
      "raw": 7.6702,
      "recurrence": null,
      "relativeScore": 99,
      "triggered": 0.0086,
    },
    {
      "bValue": 0.6,
      "background": 0.0006,
      "latitude": 38.3328,
      "level": "very high",
      "longitude": 27.2382,
      "rank": 3,
      "raw": 7.6702,
      "recurrence": null,
      "relativeScore": 99,
      "triggered": 0.003,
    },
    {
      "bValue": 0.6,
      "background": 0.0041,
      "latitude": 38.3328,
      "level": "very high",
      "longitude": 27.2382,
      "rank": 4,
      "raw": 7.6702,
      "recurrence": null,
      "relativeScore": 99,
      "triggered": 0.0051,
    },
    {
      "bValue": 0.6,
      "background": 0.0029,
      "latitude": 38.3328,
      "level": "very high",
      "longitude": 27.2382,
      "rank": 5,
      "raw": 7.6702,
      "recurrence": null,
      "relativeScore": 99,
      "triggered": 0.003,
    },
    {
      "bValue": 0.6,
      "background": 0.0127,
      "latitude": 39.1216,
      "level": "very high",
      "longitude": 35.466,
      "rank": 6,
      "raw": 7.6618,
      "recurrence": null,
      "relativeScore": 99,
      "triggered": 0.0086,
    },
    {
      "bValue": 0.6,
      "background": 0.0019,
      "latitude": 36.6688,
      "level": "very high",
      "longitude": 30.4106,
      "rank": 7,
      "raw": 7.6566,
      "recurrence": null,
      "relativeScore": 98.9,
      "triggered": 0.0008,
    },
    {
      "bValue": 0.6,
      "background": 0.0067,
      "latitude": 40.7395,
      "level": "very high",
      "longitude": 29.9268,
      "rank": 8,
      "raw": 7.6265,
      "recurrence": null,
      "relativeScore": 96.8,
      "triggered": 0.0043,
    },
  ],
  "etas-m5": [
    {
      "bValue": 0.6,
      "background": 0.0437,
      "latitude": 38.4412,
      "level": "very high",
      "longitude": 43.1933,
      "rank": 1,
      "raw": -0.5321,
      "recurrence": null,
      "relativeScore": 99,
      "triggered": 0.25,
    },
    {
      "bValue": 0.6,
      "background": 0.0565,
      "latitude": 38.3328,
      "level": "very high",
      "longitude": 27.2382,
      "rank": 2,
      "raw": -0.6484,
      "recurrence": null,
      "relativeScore": 97.6,
      "triggered": 0.1682,
    },
    {
      "bValue": 0.6,
      "background": 0.0372,
      "latitude": 40.7395,
      "level": "high",
      "longitude": 29.9268,
      "rank": 3,
      "raw": -0.9321,
      "recurrence": null,
      "relativeScore": 91.6,
      "triggered": 0.0798,
    },
    {
      "bValue": 0.6,
      "background": 0.0313,
      "latitude": 39.1216,
      "level": "high",
      "longitude": 35.466,
      "rank": 4,
      "raw": -0.9498,
      "recurrence": null,
      "relativeScore": 91.3,
      "triggered": 0.081,
    },
    {
      "bValue": 0.6,
      "background": 0.0657,
      "latitude": 37.1858,
      "level": "high",
      "longitude": 37.1128,
      "rank": 5,
      "raw": -0.9544,
      "recurrence": null,
      "relativeScore": 91.2,
      "triggered": 0.0453,
    },
    {
      "bValue": 0.6,
      "background": 0.0374,
      "latitude": 36.6463,
      "level": "high",
      "longitude": 30.4117,
      "rank": 6,
      "raw": -1.1093,
      "recurrence": null,
      "relativeScore": 87.9,
      "triggered": 0.0404,
    },
    {
      "bValue": 0.6,
      "background": 0.0013,
      "latitude": 37.2869,
      "level": "elevated",
      "longitude": 36.9631,
      "rank": 7,
      "raw": -2.4349,
      "recurrence": null,
      "relativeScore": 60.3,
      "triggered": 0.0024,
    },
    {
      "bValue": 0.6,
      "background": 0.0018,
      "latitude": 40.6315,
      "level": "elevated",
      "longitude": 30.0876,
      "rank": 8,
      "raw": -2.5004,
      "recurrence": null,
      "relativeScore": 58.9,
      "triggered": 0.0014,
    },
  ],
  "etas-m6": [
    {
      "bValue": 0.6,
      "background": 0.011,
      "latitude": 38.4412,
      "level": "very high",
      "longitude": 43.1933,
      "rank": 1,
      "raw": -1.1321,
      "recurrence": 0.857,
      "relativeScore": 99,
      "triggered": 0.0628,
    },
    {
      "bValue": 0.6,
      "background": 0.0142,
      "latitude": 38.3328,
      "level": "very high",
      "longitude": 27.2382,
      "rank": 2,
      "raw": -1.2484,
      "recurrence": 0.8904,
      "relativeScore": 97.6,
      "triggered": 0.0422,
    },
    {
      "bValue": 0.6,
      "background": 0.0093,
      "latitude": 40.7395,
      "level": "high",
      "longitude": 29.9268,
      "rank": 3,
      "raw": -1.5321,
      "recurrence": 0.8626,
      "relativeScore": 91.6,
      "triggered": 0.02,
    },
    {
      "bValue": 0.6,
      "background": 0.0079,
      "latitude": 39.1216,
      "level": "high",
      "longitude": 35.466,
      "rank": 4,
      "raw": -1.5498,
      "recurrence": 0.8511,
      "relativeScore": 91.3,
      "triggered": 0.0203,
    },
    {
      "bValue": 0.6,
      "background": 0.0165,
      "latitude": 37.1858,
      "level": "high",
      "longitude": 37.1128,
      "rank": 5,
      "raw": -1.5544,
      "recurrence": 0.8272,
      "relativeScore": 91.2,
      "triggered": 0.0114,
    },
    {
      "bValue": 0.6,
      "background": 0.0094,
      "latitude": 36.6463,
      "level": "high",
      "longitude": 30.4117,
      "rank": 6,
      "raw": -1.7093,
      "recurrence": 0.8513,
      "relativeScore": 87.9,
      "triggered": 0.0101,
    },
    {
      "bValue": 0.6,
      "background": 0.0003,
      "latitude": 37.2869,
      "level": "elevated",
      "longitude": 36.9631,
      "rank": 7,
      "raw": -3.0349,
      "recurrence": null,
      "relativeScore": 60.3,
      "triggered": 0.0006,
    },
    {
      "bValue": 0.6,
      "background": 0.0004,
      "latitude": 40.6315,
      "level": "elevated",
      "longitude": 30.0876,
      "rank": 8,
      "raw": -3.1004,
      "recurrence": 0.8648,
      "relativeScore": 58.9,
      "triggered": 0.0004,
    },
  ],
  "etas-m7": [
    {
      "bValue": 0.6,
      "background": 0.0028,
      "latitude": 38.4412,
      "level": "very high",
      "longitude": 43.1933,
      "rank": 1,
      "raw": -1.7321,
      "recurrence": null,
      "relativeScore": 99,
      "triggered": 0.0158,
    },
    {
      "bValue": 0.6,
      "background": 0.0036,
      "latitude": 38.3328,
      "level": "very high",
      "longitude": 27.2382,
      "rank": 2,
      "raw": -1.8484,
      "recurrence": null,
      "relativeScore": 97.6,
      "triggered": 0.0106,
    },
    {
      "bValue": 0.6,
      "background": 0.0023,
      "latitude": 40.7395,
      "level": "high",
      "longitude": 29.9268,
      "rank": 3,
      "raw": -2.1321,
      "recurrence": null,
      "relativeScore": 91.6,
      "triggered": 0.005,
    },
    {
      "bValue": 0.6,
      "background": 0.002,
      "latitude": 39.1216,
      "level": "high",
      "longitude": 35.466,
      "rank": 4,
      "raw": -2.1498,
      "recurrence": null,
      "relativeScore": 91.3,
      "triggered": 0.0051,
    },
    {
      "bValue": 0.6,
      "background": 0.0041,
      "latitude": 37.1858,
      "level": "high",
      "longitude": 37.1128,
      "rank": 5,
      "raw": -2.1544,
      "recurrence": null,
      "relativeScore": 91.2,
      "triggered": 0.0029,
    },
    {
      "bValue": 0.6,
      "background": 0.0024,
      "latitude": 36.6463,
      "level": "high",
      "longitude": 30.4117,
      "rank": 6,
      "raw": -2.3093,
      "recurrence": null,
      "relativeScore": 87.9,
      "triggered": 0.0025,
    },
    {
      "bValue": 0.6,
      "background": 0.0001,
      "latitude": 37.2869,
      "level": "elevated",
      "longitude": 36.9631,
      "rank": 7,
      "raw": -3.6349,
      "recurrence": null,
      "relativeScore": 60.3,
      "triggered": 0.0001,
    },
    {
      "bValue": 0.6,
      "background": 0.0001,
      "latitude": 40.6315,
      "level": "elevated",
      "longitude": 30.0876,
      "rank": 8,
      "raw": -3.7004,
      "recurrence": null,
      "relativeScore": 58.9,
      "triggered": 0.0001,
    },
  ],
  "naturalTime-m5": [
    {
      "bValue": 0.6,
      "background": 0.0004,
      "latitude": 36.5854,
      "level": "very high",
      "longitude": 30.5779,
      "rank": 1,
      "raw": 0.4333,
      "recurrence": null,
      "relativeScore": 99,
      "triggered": 0.0004,
    },
    {
      "bValue": 0.6,
      "background": 0,
      "latitude": 36.5854,
      "level": "very high",
      "longitude": 30.5779,
      "rank": 2,
      "raw": 0.4333,
      "recurrence": null,
      "relativeScore": 99,
      "triggered": 0.0002,
    },
    {
      "bValue": 0.6,
      "background": 0.0006,
      "latitude": 40.7771,
      "level": "elevated",
      "longitude": 29.8708,
      "rank": 3,
      "raw": 0.1725,
      "recurrence": null,
      "relativeScore": 63.9,
      "triggered": 0.0013,
    },
    {
      "bValue": 0.6,
      "background": 0.0062,
      "latitude": 40.7395,
      "level": "elevated",
      "longitude": 29.9268,
      "rank": 4,
      "raw": 0.1725,
      "recurrence": null,
      "relativeScore": 63.9,
      "triggered": 0.0028,
    },
    {
      "bValue": 0.6,
      "background": 0.0005,
      "latitude": 40.7771,
      "level": "elevated",
      "longitude": 29.8708,
      "rank": 5,
      "raw": 0.1725,
      "recurrence": null,
      "relativeScore": 63.9,
      "triggered": 0.0008,
    },
    {
      "bValue": 0.6,
      "background": 0.0022,
      "latitude": 40.7395,
      "level": "elevated",
      "longitude": 29.9268,
      "rank": 6,
      "raw": 0.1725,
      "recurrence": null,
      "relativeScore": 63.9,
      "triggered": 0.0017,
    },
    {
      "bValue": 0.6,
      "background": 0.0126,
      "latitude": 36.6463,
      "level": "elevated",
      "longitude": 30.4117,
      "rank": 7,
      "raw": 0.1186,
      "recurrence": null,
      "relativeScore": 56.4,
      "triggered": 0.0041,
    },
    {
      "bValue": 0.6,
      "background": 0.0019,
      "latitude": 36.6688,
      "level": "elevated",
      "longitude": 30.4106,
      "rank": 8,
      "raw": 0.1186,
      "recurrence": null,
      "relativeScore": 56.4,
      "triggered": 0.0008,
    },
  ],
  "poisson-m5": [
    {
      "bValue": 0.6,
      "background": 0.0657,
      "latitude": 37.1858,
      "level": "very high",
      "longitude": 37.1128,
      "rank": 1,
      "raw": -1.1822,
      "recurrence": null,
      "relativeScore": 99,
      "triggered": 0.0453,
    },
    {
      "bValue": 0.6,
      "background": 0.0565,
      "latitude": 38.3328,
      "level": "very high",
      "longitude": 27.2382,
      "rank": 2,
      "raw": -1.2478,
      "recurrence": null,
      "relativeScore": 98.7,
      "triggered": 0.1682,
    },
    {
      "bValue": 0.6,
      "background": 0.0437,
      "latitude": 38.4412,
      "level": "very high",
      "longitude": 43.1933,
      "rank": 3,
      "raw": -1.3596,
      "recurrence": null,
      "relativeScore": 96.5,
      "triggered": 0.25,
    },
    {
      "bValue": 0.6,
      "background": 0.0374,
      "latitude": 36.6463,
      "level": "very high",
      "longitude": 30.4117,
      "rank": 4,
      "raw": -1.4275,
      "recurrence": null,
      "relativeScore": 95.1,
      "triggered": 0.0404,
    },
    {
      "bValue": 0.6,
      "background": 0.0372,
      "latitude": 40.7395,
      "level": "very high",
      "longitude": 29.9268,
      "rank": 5,
      "raw": -1.43,
      "recurrence": null,
      "relativeScore": 95,
      "triggered": 0.0798,
    },
    {
      "bValue": 0.6,
      "background": 0.0313,
      "latitude": 39.1216,
      "level": "very high",
      "longitude": 35.466,
      "rank": 6,
      "raw": -1.5044,
      "recurrence": null,
      "relativeScore": 93.6,
      "triggered": 0.081,
    },
    {
      "bValue": 0.6,
      "background": 0.0018,
      "latitude": 40.6315,
      "level": "notable",
      "longitude": 30.0876,
      "rank": 7,
      "raw": -2.7537,
      "recurrence": null,
      "relativeScore": 68.6,
      "triggered": 0.0014,
    },
    {
      "bValue": 0.6,
      "background": 0.0016,
      "latitude": 39.173,
      "level": "notable",
      "longitude": 35.5867,
      "rank": 8,
      "raw": -2.789,
      "recurrence": null,
      "relativeScore": 67.9,
      "triggered": 0.0012,
    },
  ],
  "poisson-m6": [
    {
      "bValue": 0.6,
      "background": 0.0165,
      "latitude": 37.1858,
      "level": "very high",
      "longitude": 37.1128,
      "rank": 1,
      "raw": -1.7822,
      "recurrence": 0.8272,
      "relativeScore": 99,
      "triggered": 0.0114,
    },
    {
      "bValue": 0.6,
      "background": 0.0142,
      "latitude": 38.3328,
      "level": "very high",
      "longitude": 27.2382,
      "rank": 2,
      "raw": -1.8478,
      "recurrence": 0.8904,
      "relativeScore": 98.7,
      "triggered": 0.0422,
    },
    {
      "bValue": 0.6,
      "background": 0.011,
      "latitude": 38.4412,
      "level": "very high",
      "longitude": 43.1933,
      "rank": 3,
      "raw": -1.9596,
      "recurrence": 0.857,
      "relativeScore": 96.5,
      "triggered": 0.0628,
    },
    {
      "bValue": 0.6,
      "background": 0.0094,
      "latitude": 36.6463,
      "level": "very high",
      "longitude": 30.4117,
      "rank": 4,
      "raw": -2.0275,
      "recurrence": 0.8513,
      "relativeScore": 95.1,
      "triggered": 0.0101,
    },
    {
      "bValue": 0.6,
      "background": 0.0093,
      "latitude": 40.7395,
      "level": "very high",
      "longitude": 29.9268,
      "rank": 5,
      "raw": -2.03,
      "recurrence": 0.8626,
      "relativeScore": 95,
      "triggered": 0.02,
    },
    {
      "bValue": 0.6,
      "background": 0.0079,
      "latitude": 39.1216,
      "level": "very high",
      "longitude": 35.466,
      "rank": 6,
      "raw": -2.1044,
      "recurrence": 0.8511,
      "relativeScore": 93.6,
      "triggered": 0.0203,
    },
    {
      "bValue": 0.6,
      "background": 0.0004,
      "latitude": 40.6315,
      "level": "notable",
      "longitude": 30.0876,
      "rank": 7,
      "raw": -3.3537,
      "recurrence": 0.8648,
      "relativeScore": 68.6,
      "triggered": 0.0004,
    },
    {
      "bValue": 0.6,
      "background": 0.0004,
      "latitude": 39.173,
      "level": "notable",
      "longitude": 35.5867,
      "rank": 8,
      "raw": -3.389,
      "recurrence": 0.8226,
      "relativeScore": 67.9,
      "triggered": 0.0003,
    },
  ],
  "poisson-m7": [
    {
      "bValue": 0.6,
      "background": 0.0041,
      "latitude": 37.1858,
      "level": "very high",
      "longitude": 37.1128,
      "rank": 1,
      "raw": -2.3822,
      "recurrence": null,
      "relativeScore": 99,
      "triggered": 0.0029,
    },
    {
      "bValue": 0.6,
      "background": 0.0036,
      "latitude": 38.3328,
      "level": "very high",
      "longitude": 27.2382,
      "rank": 2,
      "raw": -2.4478,
      "recurrence": null,
      "relativeScore": 98.7,
      "triggered": 0.0106,
    },
    {
      "bValue": 0.6,
      "background": 0.0028,
      "latitude": 38.4412,
      "level": "very high",
      "longitude": 43.1933,
      "rank": 3,
      "raw": -2.5596,
      "recurrence": null,
      "relativeScore": 96.5,
      "triggered": 0.0158,
    },
    {
      "bValue": 0.6,
      "background": 0.0024,
      "latitude": 36.6463,
      "level": "very high",
      "longitude": 30.4117,
      "rank": 4,
      "raw": -2.6275,
      "recurrence": null,
      "relativeScore": 95.1,
      "triggered": 0.0025,
    },
    {
      "bValue": 0.6,
      "background": 0.0023,
      "latitude": 40.7395,
      "level": "very high",
      "longitude": 29.9268,
      "rank": 5,
      "raw": -2.63,
      "recurrence": null,
      "relativeScore": 95,
      "triggered": 0.005,
    },
    {
      "bValue": 0.6,
      "background": 0.002,
      "latitude": 39.1216,
      "level": "very high",
      "longitude": 35.466,
      "rank": 6,
      "raw": -2.7044,
      "recurrence": null,
      "relativeScore": 93.6,
      "triggered": 0.0051,
    },
    {
      "bValue": 0.6,
      "background": 0.0001,
      "latitude": 40.6315,
      "level": "notable",
      "longitude": 30.0876,
      "rank": 7,
      "raw": -3.9537,
      "recurrence": null,
      "relativeScore": 68.6,
      "triggered": 0.0001,
    },
    {
      "bValue": 0.6,
      "background": 0.0001,
      "latitude": 39.173,
      "level": "notable",
      "longitude": 35.5867,
      "rank": 8,
      "raw": -3.989,
      "recurrence": null,
      "relativeScore": 67.9,
      "triggered": 0.0001,
    },
  ],
  "recurrence-m6": [
    {
      "bValue": 0.6,
      "background": 0.0009,
      "latitude": 38.3328,
      "level": "very high",
      "longitude": 27.2382,
      "rank": 1,
      "raw": 0.8803,
      "recurrence": 0.8899,
      "relativeScore": 99,
      "triggered": 0.0026,
    },
    {
      "bValue": 0.6,
      "background": 0.001,
      "latitude": 38.3328,
      "level": "very high",
      "longitude": 27.2382,
      "rank": 2,
      "raw": 0.8786,
      "recurrence": 0.8904,
      "relativeScore": 99,
      "triggered": 0.0013,
    },
    {
      "bValue": 0.6,
      "background": 0.0007,
      "latitude": 38.3328,
      "level": "very high",
      "longitude": 27.2382,
      "rank": 3,
      "raw": 0.8786,
      "recurrence": 0.8904,
      "relativeScore": 99,
      "triggered": 0.0007,
    },
    {
      "bValue": 0.6,
      "background": 0.0035,
      "latitude": 38.4412,
      "level": "high",
      "longitude": 43.1933,
      "rank": 4,
      "raw": 0.8535,
      "recurrence": 0.857,
      "relativeScore": 91.8,
      "triggered": 0.006,
    },
    {
      "bValue": 0.6,
      "background": 0.0027,
      "latitude": 38.4412,
      "level": "high",
      "longitude": 43.1933,
      "rank": 5,
      "raw": 0.8535,
      "recurrence": 0.857,
      "relativeScore": 91.8,
      "triggered": 0.005,
    },
    {
      "bValue": 0.6,
      "background": 0.0011,
      "latitude": 36.6695,
      "level": "high",
      "longitude": 30.3484,
      "rank": 6,
      "raw": 0.8444,
      "recurrence": 0.8854,
      "relativeScore": 89.1,
      "triggered": 0.0004,
    },
    {
      "bValue": 0.6,
      "background": 0.0004,
      "latitude": 40.6315,
      "level": "high",
      "longitude": 30.0876,
      "rank": 7,
      "raw": 0.8176,
      "recurrence": 0.8648,
      "relativeScore": 80.9,
      "triggered": 0.0004,
    },
    {
      "bValue": 0.6,
      "background": 0.0032,
      "latitude": 39.1216,
      "level": "notable",
      "longitude": 35.466,
      "rank": 8,
      "raw": 0.8144,
      "recurrence": 0.8511,
      "relativeScore": 79.9,
      "triggered": 0.0022,
    },
  ],
  "recurrence-m7": [],
  "triggered-m5": [
    {
      "bValue": 0.6,
      "background": 0.0437,
      "latitude": 38.4412,
      "level": "very high",
      "longitude": 43.1933,
      "rank": 1,
      "raw": -0.6021,
      "recurrence": null,
      "relativeScore": 99,
      "triggered": 0.25,
    },
    {
      "bValue": 0.6,
      "background": 0.0565,
      "latitude": 38.3328,
      "level": "very high",
      "longitude": 27.2382,
      "rank": 2,
      "raw": -0.7742,
      "recurrence": null,
      "relativeScore": 96.4,
      "triggered": 0.1682,
    },
    {
      "bValue": 0.6,
      "background": 0.0313,
      "latitude": 39.1216,
      "level": "high",
      "longitude": 35.466,
      "rank": 3,
      "raw": -1.0917,
      "recurrence": null,
      "relativeScore": 89.8,
      "triggered": 0.081,
    },
    {
      "bValue": 0.6,
      "background": 0.0372,
      "latitude": 40.7395,
      "level": "high",
      "longitude": 29.9268,
      "rank": 4,
      "raw": -1.0982,
      "recurrence": null,
      "relativeScore": 89.7,
      "triggered": 0.0798,
    },
    {
      "bValue": 0.6,
      "background": 0.0354,
      "latitude": 37.1858,
      "level": "high",
      "longitude": 37.1128,
      "rank": 5,
      "raw": -1.2788,
      "recurrence": null,
      "relativeScore": 85.9,
      "triggered": 0.0526,
    },
    {
      "bValue": 0.6,
      "background": 0.0374,
      "latitude": 36.6463,
      "level": "high",
      "longitude": 30.4117,
      "rank": 6,
      "raw": -1.3938,
      "recurrence": null,
      "relativeScore": 83.5,
      "triggered": 0.0404,
    },
    {
      "bValue": 0.6,
      "background": 0.0087,
      "latitude": 37.1364,
      "level": "elevated",
      "longitude": 37.186,
      "rank": 7,
      "raw": -2.5249,
      "recurrence": null,
      "relativeScore": 60,
      "triggered": 0.003,
    },
    {
      "bValue": 0.6,
      "background": 0.0003,
      "latitude": 38.5742,
      "level": "elevated",
      "longitude": 43.1107,
      "rank": 8,
      "raw": -2.5871,
      "recurrence": null,
      "relativeScore": 58.7,
      "triggered": 0.0026,
    },
  ],
  "triggered-m6": [
    {
      "bValue": 0.6,
      "background": 0.011,
      "latitude": 38.4412,
      "level": "very high",
      "longitude": 43.1933,
      "rank": 1,
      "raw": -1.2021,
      "recurrence": 0.857,
      "relativeScore": 99,
      "triggered": 0.0628,
    },
    {
      "bValue": 0.6,
      "background": 0.0142,
      "latitude": 38.3328,
      "level": "very high",
      "longitude": 27.2382,
      "rank": 2,
      "raw": -1.3742,
      "recurrence": 0.8904,
      "relativeScore": 96.4,
      "triggered": 0.0422,
    },
    {
      "bValue": 0.6,
      "background": 0.0079,
      "latitude": 39.1216,
      "level": "high",
      "longitude": 35.466,
      "rank": 3,
      "raw": -1.6917,
      "recurrence": 0.8511,
      "relativeScore": 89.8,
      "triggered": 0.0203,
    },
    {
      "bValue": 0.6,
      "background": 0.0093,
      "latitude": 40.7395,
      "level": "high",
      "longitude": 29.9268,
      "rank": 4,
      "raw": -1.6982,
      "recurrence": 0.8626,
      "relativeScore": 89.7,
      "triggered": 0.02,
    },
    {
      "bValue": 0.6,
      "background": 0.0089,
      "latitude": 37.1858,
      "level": "high",
      "longitude": 37.1128,
      "rank": 5,
      "raw": -1.8788,
      "recurrence": 0.8272,
      "relativeScore": 85.9,
      "triggered": 0.0132,
    },
    {
      "bValue": 0.6,
      "background": 0.0094,
      "latitude": 36.6463,
      "level": "high",
      "longitude": 30.4117,
      "rank": 6,
      "raw": -1.9938,
      "recurrence": 0.8513,
      "relativeScore": 83.5,
      "triggered": 0.0101,
    },
    {
      "bValue": 0.6,
      "background": 0.0022,
      "latitude": 37.1364,
      "level": "elevated",
      "longitude": 37.186,
      "rank": 7,
      "raw": -3.1249,
      "recurrence": 0.8272,
      "relativeScore": 60,
      "triggered": 0.0008,
    },
    {
      "bValue": 0.6,
      "background": 0.0001,
      "latitude": 38.5742,
      "level": "elevated",
      "longitude": 43.1107,
      "rank": 8,
      "raw": -3.1871,
      "recurrence": null,
      "relativeScore": 58.7,
      "triggered": 0.0007,
    },
  ],
  "triggered-m7": [
    {
      "bValue": 0.6,
      "background": 0.0028,
      "latitude": 38.4412,
      "level": "very high",
      "longitude": 43.1933,
      "rank": 1,
      "raw": -1.8021,
      "recurrence": null,
      "relativeScore": 99,
      "triggered": 0.0158,
    },
    {
      "bValue": 0.6,
      "background": 0.0036,
      "latitude": 38.3328,
      "level": "very high",
      "longitude": 27.2382,
      "rank": 2,
      "raw": -1.9742,
      "recurrence": null,
      "relativeScore": 96.4,
      "triggered": 0.0106,
    },
    {
      "bValue": 0.6,
      "background": 0.002,
      "latitude": 39.1216,
      "level": "high",
      "longitude": 35.466,
      "rank": 3,
      "raw": -2.2917,
      "recurrence": null,
      "relativeScore": 89.8,
      "triggered": 0.0051,
    },
    {
      "bValue": 0.6,
      "background": 0.0023,
      "latitude": 40.7395,
      "level": "high",
      "longitude": 29.9268,
      "rank": 4,
      "raw": -2.2982,
      "recurrence": null,
      "relativeScore": 89.7,
      "triggered": 0.005,
    },
    {
      "bValue": 0.6,
      "background": 0.0022,
      "latitude": 37.1858,
      "level": "high",
      "longitude": 37.1128,
      "rank": 5,
      "raw": -2.4788,
      "recurrence": null,
      "relativeScore": 85.9,
      "triggered": 0.0033,
    },
    {
      "bValue": 0.6,
      "background": 0.0024,
      "latitude": 36.6463,
      "level": "high",
      "longitude": 30.4117,
      "rank": 6,
      "raw": -2.5938,
      "recurrence": null,
      "relativeScore": 83.5,
      "triggered": 0.0025,
    },
    {
      "bValue": 0.6,
      "background": 0.0005,
      "latitude": 37.1364,
      "level": "elevated",
      "longitude": 37.186,
      "rank": 7,
      "raw": -3.7249,
      "recurrence": null,
      "relativeScore": 60,
      "triggered": 0.0002,
    },
    {
      "bValue": 0.6,
      "background": 0,
      "latitude": 38.5742,
      "level": "elevated",
      "longitude": 43.1107,
      "rank": 8,
      "raw": -3.7871,
      "recurrence": null,
      "relativeScore": 58.7,
      "triggered": 0.0002,
    },
  ],
}
`;
